
Discarded input sections

 .data          0x00000000        0x0 arch/powerpc/cpu/74xx_7xx/start.o
 .bss           0x00000000        0x0 arch/powerpc/cpu/74xx_7xx/start.o
 .text.addr_probe
                0x00000000        0x8 arch/powerpc/cpu/74xx_7xx/lib74xx_7xx.o
 .text.checkicache
                0x00000000        0x8 arch/powerpc/cpu/74xx_7xx/lib74xx_7xx.o
 .text.checkdcache
                0x00000000        0x8 arch/powerpc/cpu/74xx_7xx/lib74xx_7xx.o
 .text.do_irqinfo
                0x00000000       0x28 arch/powerpc/cpu/74xx_7xx/lib74xx_7xx.o
 .rodata.do_irqinfo.str1.1
                0x00000000       0x34 arch/powerpc/cpu/74xx_7xx/lib74xx_7xx.o
 .eh_frame      0x00000000      0x35c arch/powerpc/cpu/74xx_7xx/lib74xx_7xx.o
 .data          0x00000000        0x0 arch/powerpc/cpu/74xx_7xx/lib74xx_7xx.o
 .bss           0x00000000        0x0 arch/powerpc/cpu/74xx_7xx/lib74xx_7xx.o
 .sbss.timestamp
                0x00000000        0x4 arch/powerpc/cpu/74xx_7xx/lib74xx_7xx.o
 .text.__ft_verify_fdt
                0x00000000        0x8 arch/powerpc/lib/libpowerpc.o
 .text.ticks2usec
                0x00000000       0x2c arch/powerpc/lib/libpowerpc.o
 .eh_frame      0x00000000      0x3cc arch/powerpc/lib/libpowerpc.o
 .fixup         0x00000000       0x28 arch/powerpc/lib/libpowerpc.o
 .data          0x00000000        0x0 arch/powerpc/lib/libpowerpc.o
 .sdata.ex_tab_message
                0x00000000        0x4 arch/powerpc/lib/libpowerpc.o
 .bss           0x00000000        0x0 arch/powerpc/lib/libpowerpc.o
 .text          0x00000000        0x0 common/libcommon.o
 .text.ide_get_dev
                0x00000000       0x40 common/libcommon.o
 .text.setenv_ulong
                0x00000000       0x38 common/libcommon.o
 .text.setenv_addr
                0x00000000       0x48 common/libcommon.o
 .text.scsi_get_dev
                0x00000000       0x40 common/libcommon.o
 .text.scsi_trim_trail
                0x00000000       0x30 common/libcommon.o
 .text.scsi_setup_read6
                0x00000000       0x40 common/libcommon.o
 .text.serial_printf
                0x00000000       0x9c common/libcommon.o
 .text.fprintf  0x00000000       0x9c common/libcommon.o
 .text.disable_ctrlc
                0x00000000       0x34 common/libcommon.o
 .text.dbg      0x00000000        0x4 common/libcommon.o
 .text.realloc  0x00000000      0x50c common/libcommon.o
 .text.memalign
                0x00000000      0x13c common/libcommon.o
 .text.valloc   0x00000000        0xc common/libcommon.o
 .text.pvalloc  0x00000000       0x10 common/libcommon.o
 .text.cfree    0x00000000        0x4 common/libcommon.o
 .text.malloc_usable_size
                0x00000000       0x44 common/libcommon.o
 .text.mallopt  0x00000000       0x74 common/libcommon.o
 .text.__env_get_char_spec
                0x00000000        0xc common/libcommon.o
 .text.ld_le16  0x00000000        0x8 common/libcommon.o
 .text.st_le16  0x00000000        0x8 common/libcommon.o
 .text.ld_le32  0x00000000        0x8 common/libcommon.o
 .text.st_le32  0x00000000        0x8 common/libcommon.o
 .text.get_table_entry_id
                0x00000000       0x5c common/libcommon.o
 .text.genimg_get_os_id
                0x00000000       0x30 common/libcommon.o
 .text.genimg_get_arch_id
                0x00000000       0x30 common/libcommon.o
 .text.genimg_get_type_id
                0x00000000       0x30 common/libcommon.o
 .text.genimg_get_comp_id
                0x00000000       0x30 common/libcommon.o
 .text.get_ram_size
                0x00000000      0x140 common/libcommon.o
 .rodata.setenv_addr.str1.1
                0x00000000        0x4 common/libcommon.o
 .rodata.version_string
                0x00000000       0x28 common/libcommon.o
 .rodata.genimg_get_os_id.str1.1
                0x00000000        0x3 common/libcommon.o
 .rodata.genimg_get_arch_id.str1.1
                0x00000000        0x4 common/libcommon.o
 .rodata.genimg_get_type_id.str1.1
                0x00000000        0x6 common/libcommon.o
 .rodata.genimg_get_comp_id.str1.1
                0x00000000        0xc common/libcommon.o
 .eh_frame      0x00000000     0x3178 common/libcommon.o
 .fixup         0x00000000      0xa50 common/libcommon.o
 .data          0x00000000        0x0 common/libcommon.o
 .sdata.ShortPCIListing
                0x00000000        0x1 common/libcommon.o
 .bss           0x00000000        0x0 common/libcommon.o
 .sbss.save_size
                0x00000000        0x4 common/libcommon.o
 .sbss.save_addr
                0x00000000        0x4 common/libcommon.o
 .sbss.env_ptr  0x00000000        0x4 common/libcommon.o
 .text          0x00000000        0x0 disk/libdisk.o
 .text.get_dev  0x00000000       0xa0 disk/libdisk.o
 .rodata.str1.1
                0x00000000        0x9 disk/libdisk.o
 .eh_frame      0x00000000      0x454 disk/libdisk.o
 .fixup         0x00000000       0x10 disk/libdisk.o
 .data          0x00000000        0x0 disk/libdisk.o
 .data.rel.ro.block_drvr
[...]
Memory Configuration

Name             Origin             Length             Attributes
*default*        0x00000000         0xffffffff

Linker script and memory map

                0xfff00054                        . = (0xfff00000 + SIZEOF_HEADERS)

.interp
 *(.interp)

.hash
 *(.hash)

.dynsym
 *(.dynsym)

.dynstr
 *(.dynstr)

.rela.dyn       0xfff00054        0x0
 .rela.iplt     0xfff00054        0x0 arch/powerpc/cpu/74xx_7xx/start.o

.rel.text
 *(.rel.text)

.rela.text
 *(.rela.text)

.rel.data
 *(.rel.data)

.rela.data
 *(.rela.data)

.rel.rodata
 *(.rel.rodata)

.rela.rodata
 *(.rela.rodata)

.rel.got
 *(.rel.got)

.rela.got       0xfff00054        0x0
 *(.rela.got)
 .rela.got      0xfff00054        0x0 arch/powerpc/cpu/74xx_7xx/start.o

.rel.ctors
 *(.rel.ctors)

.rela.ctors
 *(.rela.ctors)

.rel.dtors
 *(.rel.dtors)

.rela.dtors
 *(.rela.dtors)

.rel.bss
 *(.rel.bss)

.rela.bss
 *(.rela.bss)

.rel.plt
 *(.rel.plt)

.rela.plt
 *(.rela.plt)

.init
 *(.init)

.plt
 *(.plt)

.text           0xfff00000     0x3c7c
 arch/powerpc/cpu/74xx_7xx/start.o(.text)
 .text          0xfff00000     0x2590 arch/powerpc/cpu/74xx_7xx/start.o
                0xfff00004                version_string
                0xfff00100                _start
                0xfff00104                _start_of_vectors
                0xfff01fa4                _end_of_vectors
                0xfff0206c                invalidate_bats
                0xfff0209c                setup_bats
                0xfff021a4                enable_addr_trans
                0xfff021b8                disable_addr_trans
                0xfff021d8                transfer_to_handler
                0xfff02354                dc_read
                0xfff02358                get_pvr
                0xfff02360                relocate_code
                0xfff024d4                trap_init
 *(.text)
 .text          0xfff02590      0x414 arch/powerpc/cpu/74xx_7xx/lib74xx_7xx.o
                0xfff02590                invalidate_l1_instruction_cache
                0xfff025b4                invalidate_l1_data_cache
                0xfff025c8                flush_dcache
                0xfff025ec                flush_icache_range
                0xfff02648                clean_dcache_range
                0xfff0267c                flush_dcache_range
                0xfff026b0                invalidate_dcache_range
                0xfff026e4                __flush_page_to_ram
                0xfff02730                __flush_icache_page
                0xfff02760                clear_page
                0xfff02778                icache_enable
                0xfff0279c                icache_disable
                0xfff027c8                icache_status
                0xfff027d4                l1dcache_enable
                0xfff027fc                dcache_enable
                0xfff02824                dcache_disable
                0xfff02858                dcache_status
                0xfff02864                l2cache_invalidate
                0xfff028e4                l2cache_enable
                0xfff02908                l2cache_disable
                0xfff0292c                in8
                0xfff02938                in16
                0xfff02944                in16r
                0xfff02950                in32
                0xfff0295c                in32r
                0xfff02968                out8
                0xfff02974                out16
                0xfff02980                out16r
                0xfff0298c                out32
                0xfff02998                out32r
 .text          0xfff029a4      0x328 arch/powerpc/lib/libpowerpc.o
                0xfff029a4                ppcDcbf
                0xfff029ac                ppcDcbi
                0xfff029b4                ppcDcbz
                0xfff029bc                ppcSync
                0xfff029c4                strcpy
                0xfff029e0                strncpy
                0xfff02a08                strcat
                0xfff02a34                strcmp
                0xfff02a58                strlen
                0xfff02a70                memset
                0xfff02acc                bcopy
                0xfff02adc                memmove
                0xfff02ae4                memcpy
                0xfff02b80                backwards_memcpy
                0xfff02c08                memcmp
                0xfff02c38                memchr
                0xfff02c60                get_ticks
                0xfff02c78                wait_ticks
                0xfff02ca4                trap_reloc
 *fill*         0xfff02ccc        0x4 
 .text          0xfff02cd0      0xee0 board/eltec/bab7xx/libbab7xx.o
                0xfff02cd0                board_asm_init
                0xfff0368c                Printf
                0xfff036d4                OutHex
                0xfff03720                OutDec
                0xfff037d4                OutChr
                0xfff03aa8                MessageBlock
 .text          0xfff03bb0       0xcc /Users/ilyabot/Documents/Projects/bab750-experiments/u-boot-lab/arch/powerpc/lib/libgcc.o
                0xfff03bb0                __ashldi3
                0xfff03bd4                __ashrdi3
                0xfff03c00                __lshrdi3
                0xfff03c24                _restgpr_14_x
                0xfff03c28                _restgpr_15_x
                0xfff03c2c                _restgpr_16_x
                0xfff03c30                _restgpr_17_x
                0xfff03c34                _restgpr_18_x
                0xfff03c38                _restgpr_19_x
                0xfff03c3c                _restgpr_20_x
                0xfff03c40                _restgpr_21_x
                0xfff03c44                _restgpr_22_x
                0xfff03c48                _restgpr_23_x
                0xfff03c4c                _restgpr_24_x
                0xfff03c50                _restgpr_25_x
                0xfff03c54                _restgpr_26_x
                0xfff03c58                _restgpr_27_x
                0xfff03c5c                _restgpr_28_x
                0xfff03c60                _restgpr_29_x
                0xfff03c64                _restgpr_30_x
                0xfff03c68                _restgpr_31_x
 *(.got1)
                0xfff03c7c                        _etext = .
                [!provide]                        PROVIDE (etext = .)

.glink          0xfff03c7c        0x0
 .glink         0xfff03c7c        0x0 arch/powerpc/cpu/74xx_7xx/start.o

.text.print_backtrace
                0xfff03c7c       0xe4
 .text.print_backtrace
                0xfff03c7c       0xe4 arch/powerpc/cpu/74xx_7xx/lib74xx_7xx.o
                0xfff03c7c                print_backtrace

.text.show_regs
                0xfff03d60       0xe0
 .text.show_regs
                0xfff03d60       0xe0 arch/powerpc/cpu/74xx_7xx/lib74xx_7xx.o
                0xfff03d60                show_regs

.text._exception
                0xfff03e40       0x44
 .text._exception
                0xfff03e40       0x44 arch/powerpc/cpu/74xx_7xx/lib74xx_7xx.o
                0xfff03e40                _exception

.text.MachineCheckException
                0xfff03e84       0xdc
 .text.MachineCheckException
                0xfff03e84       0xdc arch/powerpc/cpu/74xx_7xx/lib74xx_7xx.o
                0xfff03e84                MachineCheckException

.text.AlignmentException
                0xfff03f60       0x34
 .text.AlignmentException
                0xfff03f60       0x34 arch/powerpc/cpu/74xx_7xx/lib74xx_7xx.o
                0xfff03f60                AlignmentException

.text.ProgramCheckException
                0xfff03f94       0xb8
 .text.ProgramCheckException
                0xfff03f94       0xb8 arch/powerpc/cpu/74xx_7xx/lib74xx_7xx.o
                0xfff03f94                ProgramCheckException

.text.SoftEmuException
                0xfff0404c       0x34
 .text.SoftEmuException
                0xfff0404c       0x34 arch/powerpc/cpu/74xx_7xx/lib74xx_7xx.o
                0xfff0404c                SoftEmuException

.text.UnknownException
                0xfff04080       0x54
 .text.UnknownException
                0xfff04080       0x54 arch/powerpc/cpu/74xx_7xx/lib74xx_7xx.o
                0xfff04080                UnknownException

.text.get_cpu_type
                0xfff040d4      0x11c
 .text.get_cpu_type
                0xfff040d4      0x11c arch/powerpc/cpu/74xx_7xx/lib74xx_7xx.o
                0xfff040d4                get_cpu_type

.text.get_tbclk
                0xfff041f0       0x24
 .text.get_tbclk
                0xfff041f0       0x24 arch/powerpc/cpu/74xx_7xx/lib74xx_7xx.o
                0xfff041f0                get_tbclk

.text.cpu_init_f
                0xfff04214       0x38
 .text.cpu_init_f
                0xfff04214       0x38 arch/powerpc/cpu/74xx_7xx/lib74xx_7xx.o
                0xfff04214                cpu_init_f

.text.cpu_init_r
                0xfff0424c        0x8
 .text.cpu_init_r
                0xfff0424c        0x8 arch/powerpc/cpu/74xx_7xx/lib74xx_7xx.o
                0xfff0424c                cpu_init_r

.text.get_clocks
                0xfff04254       0xcc
 .text.get_clocks
                0xfff04254       0xcc arch/powerpc/cpu/74xx_7xx/lib74xx_7xx.o
                0xfff04254                get_clocks

.text.interrupt_init_cpu
                0xfff04320       0x30
 .text.interrupt_init_cpu
                0xfff04320       0x30 arch/powerpc/cpu/74xx_7xx/lib74xx_7xx.o
                0xfff04320                interrupt_init_cpu

.text.external_interrupt
                0xfff04350       0x28
 .text.external_interrupt
                0xfff04350       0x28 arch/powerpc/cpu/74xx_7xx/lib74xx_7xx.o
                0xfff04350                external_interrupt

.text.timer_interrupt_cpu
                0xfff04378        0x4
 .text.timer_interrupt_cpu
                0xfff04378        0x4 arch/powerpc/cpu/74xx_7xx/lib74xx_7xx.o
                0xfff04378                timer_interrupt_cpu

.text.irq_install_handler
                0xfff0437c        0x4
 .text.irq_install_handler
                0xfff0437c        0x4 arch/powerpc/cpu/74xx_7xx/lib74xx_7xx.o
                0xfff0437c                irq_install_handler

.text.irq_free_handler
                0xfff04380        0x4
 .text.irq_free_handler
                0xfff04380        0x4 arch/powerpc/cpu/74xx_7xx/lib74xx_7xx.o
                0xfff04380                irq_free_handler

.text.init_baudrate
                0xfff04384       0x3c
 .text.init_baudrate
                0xfff04384       0x3c arch/powerpc/lib/libpowerpc.o

.text.__board_add_ram_info
                0xfff043c0        0x4
 .text.__board_add_ram_info
                0xfff043c0        0x4 arch/powerpc/lib/libpowerpc.o
                0xfff043c0                __board_add_ram_info
                0xfff043c0                board_add_ram_info

.text.init_func_ram
                0xfff043c4       0x78
 .text.init_func_ram
                0xfff043c4       0x78 arch/powerpc/lib/libpowerpc.o

.text.__board_flash_wp_on
                0xfff0443c        0x8
 .text.__board_flash_wp_on
                0xfff0443c        0x8 arch/powerpc/lib/libpowerpc.o
                0xfff0443c                __board_flash_wp_on
                0xfff0443c                board_flash_wp_on

.text.__cpu_secondary_init_r
                0xfff04444        0x4
 .text.__cpu_secondary_init_r
                0xfff04444        0x4 arch/powerpc/lib/libpowerpc.o
                0xfff04444                cpu_secondary_init_r
                0xfff04444                __cpu_secondary_init_r

.text.get_effective_memsize
                0xfff04448        0x8
 .text.get_effective_memsize
                0xfff04448        0x8 arch/powerpc/lib/libpowerpc.o
                0xfff04448                get_effective_memsize

.text.hang      0xfff04450       0x2c
 .text.hang     0xfff04450       0x2c arch/powerpc/lib/libpowerpc.o
                0xfff04450                hang

.text.board_init_f
                0xfff0447c       0xf0
 .text.board_init_f
                0xfff0447c       0xf0 arch/powerpc/lib/libpowerpc.o
                0xfff0447c                board_init_f

.text.board_init_r
                0xfff0456c      0x14c
 .text.board_init_r
                0xfff0456c      0x14c arch/powerpc/lib/libpowerpc.o
                0xfff0456c                board_init_r

.text.boot_cmdline_linux
                0xfff046b8       0x54
 .text.boot_cmdline_linux
                0xfff046b8       0x54 arch/powerpc/lib/libpowerpc.o

.text.boot_bd_t_linux
                0xfff0470c       0x90
 .text.boot_bd_t_linux
                0xfff0470c       0x90 arch/powerpc/lib/libpowerpc.o

.text.boot_jump_linux
                0xfff0479c       0x58
 .text.boot_jump_linux
                0xfff0479c       0x58 arch/powerpc/lib/libpowerpc.o

.text.arch_lmb_reserve
                0xfff047f4       0xb8
 .text.arch_lmb_reserve
                0xfff047f4       0xb8 arch/powerpc/lib/libpowerpc.o
                0xfff047f4                arch_lmb_reserve

.text.do_bootm_linux
                0xfff048ac       0xb0
 .text.do_bootm_linux
                0xfff048ac       0xb0 arch/powerpc/lib/libpowerpc.o
                0xfff048ac                do_bootm_linux

.text.flush_cache
                0xfff0495c       0x5c
 .text.flush_cache
                0xfff0495c       0x5c arch/powerpc/lib/libpowerpc.o
                0xfff0495c                flush_cache

.text.search_exception_table
                0xfff049b8       0x58
 .text.search_exception_table
                0xfff049b8       0x58 arch/powerpc/lib/libpowerpc.o
                0xfff049b8                search_exception_table

.text.enable_interrupts
                0xfff04a10       0x10
 .text.enable_interrupts
                0xfff04a10       0x10 arch/powerpc/lib/libpowerpc.o
                0xfff04a10                enable_interrupts

.text.disable_interrupts
                0xfff04a20       0x14
 .text.disable_interrupts
                0xfff04a20       0x14 arch/powerpc/lib/libpowerpc.o
                0xfff04a20                disable_interrupts

.text.interrupt_init
                0xfff04a34       0x50
 .text.interrupt_init
                0xfff04a34       0x50 arch/powerpc/lib/libpowerpc.o
                0xfff04a34                interrupt_init

.text.timer_interrupt
                0xfff04a84       0x54
 .text.timer_interrupt
                0xfff04a84       0x54 arch/powerpc/lib/libpowerpc.o
                0xfff04a84                timer_interrupt

.text.get_timer
                0xfff04ad8       0x30
 .text.get_timer
                0xfff04ad8       0x30 arch/powerpc/lib/libpowerpc.o
                0xfff04ad8                get_timer

.text.usec2ticks
                0xfff04b08       0x5c
 .text.usec2ticks
                0xfff04b08       0x5c arch/powerpc/lib/libpowerpc.o
                0xfff04b08                usec2ticks

.text.__udelay  0xfff04b64       0x20
 .text.__udelay
                0xfff04b64       0x20 arch/powerpc/lib/libpowerpc.o
                0xfff04b64                __udelay

.text.init_timebase
                0xfff04b84       0x14
 .text.init_timebase
                0xfff04b84       0x14 arch/powerpc/lib/libpowerpc.o
                0xfff04b84                init_timebase

.text.print_num
                0xfff04b98       0x34
 .text.print_num
                0xfff04b98       0x34 common/libcommon.o

.text.do_bdinfo
                0xfff04bcc      0x140
 .text.do_bdinfo
                0xfff04bcc      0x140 common/libcommon.o
                0xfff04bcc                do_bdinfo

.text.do_go_exec
                0xfff04d0c       0x10
 .text.do_go_exec
                0xfff04d0c       0x10 common/libcommon.o
                0xfff04d0c                do_go_exec

.text.do_go     0xfff04d1c       0x84
 .text.do_go    0xfff04d1c       0x84 common/libcommon.o
                0xfff04d1c                do_go

.text.do_bootm_netbsd
                0xfff04da0      0x140
 .text.do_bootm_netbsd
                0xfff04da0      0x140 common/libcommon.o

.text.image_info
                0xfff04ee0       0xbc
 .text.image_info
                0xfff04ee0       0xbc common/libcommon.o

.text.do_imls   0xfff04f9c       0xd4
 .text.do_imls  0xfff04f9c       0xd4 common/libcommon.o

.text.do_bootd  0xfff05070       0x38
 .text.do_bootd
                0xfff05070       0x38 common/libcommon.o
                0xfff05070                do_bootd

.text.do_iminfo
                0xfff050a8       0x80
 .text.do_iminfo
                0xfff050a8       0x80 common/libcommon.o
                0xfff050a8                do_iminfo

.text.do_bootm_vxworks
                0xfff05128       0x6c
 .text.do_bootm_vxworks
                0xfff05128       0x6c common/libcommon.o

.text.do_bootm_qnxelf
                0xfff05194       0x70
 .text.do_bootm_qnxelf
                0xfff05194       0x70 common/libcommon.o

.text.do_bootm_rtems
                0xfff05204       0x5c
 .text.do_bootm_rtems
                0xfff05204       0x5c common/libcommon.o

.text.bootm_load_os.isra.0
                0xfff05260      0x170
 .text.bootm_load_os.isra.0
                0xfff05260      0x170 common/libcommon.o

.text.bootm_start.isra.0
                0xfff053d0      0x358
 .text.bootm_start.isra.0
                0xfff053d0      0x358 common/libcommon.o

.text.__arch_preboot_os
                0xfff05728        0x4
 .text.__arch_preboot_os
                0xfff05728        0x4 common/libcommon.o
                0xfff05728                arch_preboot_os
                0xfff05728                __arch_preboot_os

.text.do_bootm_subcommand
                0xfff0572c      0x254
 .text.do_bootm_subcommand
                0xfff0572c      0x254 common/libcommon.o
                0xfff0572c                do_bootm_subcommand

.text.do_bootm  0xfff05980      0x274
 .text.do_bootm
                0xfff05980      0x274 common/libcommon.o
                0xfff05980                do_bootm

.text.bootm_maybe_autostart
                0xfff05bf4       0x80
 .text.bootm_maybe_autostart
                0xfff05bf4       0x80 common/libcommon.o
                0xfff05bf4                bootm_maybe_autostart

.text.do_coninfo
                0xfff05c74       0xdc
 .text.do_coninfo
                0xfff05c74       0xdc common/libcommon.o
                0xfff05c74                do_coninfo

.text.cnvrt2    0xfff05d50       0x58
 .text.cnvrt2   0xfff05d50       0x58 common/libcommon.o

.text.mk_date   0xfff05da8      0x1d4
 .text.mk_date  0xfff05da8      0x1d4 common/libcommon.o
                0xfff05da8                mk_date

.text.do_date   0xfff05f7c      0x114
 .text.do_date  0xfff05f7c      0x114 common/libcommon.o
                0xfff05f7c                do_date

.text.do_echo   0xfff06090       0x98
 .text.do_echo  0xfff06090       0x98 common/libcommon.o
                0xfff06090                do_echo

.text.load_elf_image_shdr
                0xfff06128       0x9c
 .text.load_elf_image_shdr
                0xfff06128       0x9c common/libcommon.o

.text.do_bootelf_exec
                0xfff061c4       0x64
 .text.do_bootelf_exec
                0xfff061c4       0x64 common/libcommon.o
                0xfff061c4                do_bootelf_exec

.text.valid_elf_image
                0xfff06228       0x88
 .text.valid_elf_image
                0xfff06228       0x88 common/libcommon.o
                0xfff06228                valid_elf_image

.text.do_bootelf
                0xfff062b0      0x178
 .text.do_bootelf
                0xfff062b0      0x178 common/libcommon.o
                0xfff062b0                do_bootelf

.text.do_bootvx
                0xfff06428      0x264
 .text.do_bootvx
                0xfff06428      0x264 common/libcommon.o
                0xfff06428                do_bootvx

.text.read_fdc_reg
                0xfff0668c        0xc
 .text.read_fdc_reg
                0xfff0668c        0xc common/libcommon.o
                0xfff0668c                read_fdc_reg

.text.write_fdc_reg
                0xfff06698        0xc
 .text.write_fdc_reg
                0xfff06698        0xc common/libcommon.o
                0xfff06698                write_fdc_reg

.text.wait_for_fdc_int
                0xfff066a4       0x4c
 .text.wait_for_fdc_int
                0xfff066a4       0x4c common/libcommon.o
                0xfff066a4                wait_for_fdc_int

.text.read_fdc_byte
                0xfff066f0       0x54
 .text.read_fdc_byte
                0xfff066f0       0x54 common/libcommon.o
                0xfff066f0                read_fdc_byte

.text.fdc_need_more_output
                0xfff06744       0x58
 .text.fdc_need_more_output
                0xfff06744       0x58 common/libcommon.o
                0xfff06744                fdc_need_more_output

.text.write_fdc_byte
                0xfff0679c       0x64
 .text.write_fdc_byte
                0xfff0679c       0x64 common/libcommon.o
                0xfff0679c                write_fdc_byte

.text.fdc_issue_cmd
                0xfff06800      0x1d8
 .text.fdc_issue_cmd
                0xfff06800      0x1d8 common/libcommon.o
                0xfff06800                fdc_issue_cmd

.text.select_fdc_drive
                0xfff069d8       0x6c
 .text.select_fdc_drive
                0xfff069d8       0x6c common/libcommon.o
                0xfff069d8                select_fdc_drive

.text.stop_fdc_drive
                0xfff06a44       0x50
 .text.stop_fdc_drive
                0xfff06a44       0x50 common/libcommon.o
                0xfff06a44                stop_fdc_drive

.text.fdc_recalibrate
                0xfff06a94       0x68
 .text.fdc_recalibrate
                0xfff06a94       0x68 common/libcommon.o
                0xfff06a94                fdc_recalibrate

.text.fdc_seek  0xfff06afc       0x68
 .text.fdc_seek
                0xfff06afc       0x68 common/libcommon.o
                0xfff06afc                fdc_seek

.text.fdc_terminate
                0xfff06b64       0x5c
 .text.fdc_terminate
                0xfff06b64       0x5c common/libcommon.o
                0xfff06b64                fdc_terminate

.text.fdc_read_data
                0xfff06bc0      0x214
 .text.fdc_read_data
                0xfff06bc0      0x214 common/libcommon.o
                0xfff06bc0                fdc_read_data

.text.fdc_check_drive
                0xfff06dd4       0xe0
 .text.fdc_check_drive
                0xfff06dd4       0xe0 common/libcommon.o
                0xfff06dd4                fdc_check_drive

.text.fdc_setup
                0xfff06eb4       0xf0
 .text.fdc_setup
                0xfff06eb4       0xf0 common/libcommon.o
                0xfff06eb4                fdc_setup

.text.do_fdcboot
                0xfff06fa4      0x290
 .text.do_fdcboot
                0xfff06fa4      0x290 common/libcommon.o
                0xfff06fa4                do_fdcboot

.text.do_flinfo
                0xfff07234       0xb8
 .text.do_flinfo
                0xfff07234       0xb8 common/libcommon.o
                0xfff07234                do_flinfo

.text.flash_fill_sect_ranges
                0xfff072ec      0x1ac
 .text.flash_fill_sect_ranges
                0xfff072ec      0x1ac common/libcommon.o

.text.abbrev_spec.constprop.0
                0xfff07498      0x174
 .text.abbrev_spec.constprop.0
                0xfff07498      0x174 common/libcommon.o

.text.flash_sect_roundb
                0xfff0760c       0xf8
 .text.flash_sect_roundb
                0xfff0760c       0xf8 common/libcommon.o
                0xfff0760c                flash_sect_roundb

.text.addr_spec
                0xfff07704       0xdc
 .text.addr_spec
                0xfff07704       0xdc common/libcommon.o

.text.flash_sect_erase
                0xfff077e0       0xc4
 .text.flash_sect_erase
                0xfff077e0       0xc4 common/libcommon.o
                0xfff077e0                flash_sect_erase

.text.do_flerase
                0xfff078a4      0x200
 .text.do_flerase
                0xfff078a4      0x200 common/libcommon.o
                0xfff078a4                do_flerase

.text.flash_sect_protect
                0xfff07aa4      0x110
 .text.flash_sect_protect
                0xfff07aa4      0x110 common/libcommon.o
                0xfff07aa4                flash_sect_protect

.text.do_protect
                0xfff07bb4      0x2c0
 .text.do_protect
                0xfff07bb4      0x2c0 common/libcommon.o
                0xfff07bb4                do_protect

.text.do_help   0xfff07e74       0x54
 .text.do_help  0xfff07e74       0x54 common/libcommon.o
                0xfff07e74                do_help

.text.ident_cpy
                0xfff07ec8       0xa0
 .text.ident_cpy
                0xfff07ec8       0xa0 common/libcommon.o

.text.do_diskboot
                0xfff07f68      0x330
 .text.do_diskboot
                0xfff07f68      0x330 common/libcommon.o
                0xfff07f68                do_diskboot

.text.__ide_outb
                0xfff08298       0x40
 .text.__ide_outb
                0xfff08298       0x40 common/libcommon.o
                0xfff08298                ide_outb
                0xfff08298                __ide_outb

.text.__ide_inb
                0xfff082d8       0x4c
 .text.__ide_inb
                0xfff082d8       0x4c common/libcommon.o
                0xfff082d8                __ide_inb
                0xfff082d8                ide_inb

.text.ide_wait  0xfff08324       0x58
 .text.ide_wait
                0xfff08324       0x58 common/libcommon.o

.text.ide_read  0xfff0837c      0x224
 .text.ide_read
                0xfff0837c      0x224 common/libcommon.o
                0xfff0837c                ide_read

.text.ide_write
                0xfff085a0      0x17c
 .text.ide_write
                0xfff085a0      0x17c common/libcommon.o
                0xfff085a0                ide_write

.text.atapi_wait_mask.constprop.0
                0xfff0871c       0x6c
 .text.atapi_wait_mask.constprop.0
                0xfff0871c       0x6c common/libcommon.o

.text.atapi_issue
                0xfff08788      0x26c
 .text.atapi_issue
                0xfff08788      0x26c common/libcommon.o
                0xfff08788                atapi_issue

.text.atapi_issue_autoreq
                0xfff089f4      0x170
 .text.atapi_issue_autoreq
                0xfff089f4      0x170 common/libcommon.o
                0xfff089f4                atapi_issue_autoreq

.text.ide_ident
                0xfff08b64      0x3b8
 .text.ide_ident
                0xfff08b64      0x3b8 common/libcommon.o

.text.ide_init  0xfff08f1c      0x1dc
 .text.ide_init
                0xfff08f1c      0x1dc common/libcommon.o
                0xfff08f1c                ide_init

.text.do_ide    0xfff090f8      0x3e4
 .text.do_ide   0xfff090f8      0x3e4 common/libcommon.o
                0xfff090f8                do_ide

.text.atapi_read
                0xfff094dc       0x9c
 .text.atapi_read
                0xfff094dc       0x9c common/libcommon.o
                0xfff094dc                atapi_read

.text.evalexp   0xfff09578       0x90
 .text.evalexp  0xfff09578       0x90 common/libcommon.o

.text.binary_test
                0xfff09608      0x1f0
 .text.binary_test
                0xfff09608      0x1f0 common/libcommon.o
                0xfff09608                binary_test

.text.do_itest  0xfff097f8       0x94
 .text.do_itest
                0xfff097f8       0x94 common/libcommon.o
                0xfff097f8                do_itest

.text.jffs2_part_info
                0xfff0988c       0xa8
 .text.jffs2_part_info
                0xfff0988c       0xa8 common/libcommon.o

.text.mtdparts_init
                0xfff09934      0x2d4
 .text.mtdparts_init
                0xfff09934      0x2d4 common/libcommon.o
                0xfff09934                mtdparts_init

.text.do_jffs2_fsload
                0xfff09c08      0x140
 .text.do_jffs2_fsload
                0xfff09c08      0x140 common/libcommon.o
                0xfff09c08                do_jffs2_fsload

.text.do_jffs2_ls
                0xfff09d48       0x70
 .text.do_jffs2_ls
                0xfff09d48       0x70 common/libcommon.o
                0xfff09d48                do_jffs2_ls

.text.do_jffs2_fsinfo
                0xfff09db8       0x74
 .text.do_jffs2_fsinfo
                0xfff09db8       0x74 common/libcommon.o
                0xfff09db8                do_jffs2_fsinfo

.text.bin_data_init
                0xfff09e2c       0x40
 .text.bin_data_init
                0xfff09e2c       0x40 common/libcommon.o

.text.getcxmodem
                0xfff09e6c       0x3c
 .text.getcxmodem
                0xfff09e6c       0x3c common/libcommon.o

.text.bin_data_char
                0xfff09ea8       0x48
 .text.bin_data_char
                0xfff09ea8       0x48 common/libcommon.o

.text.load_serial
                0xfff09ef0      0x228
 .text.load_serial
                0xfff09ef0      0x228 common/libcommon.o

.text.do_load_serial
                0xfff0a118      0x1a4
 .text.do_load_serial
                0xfff0a118      0x1a4 common/libcommon.o
                0xfff0a118                do_load_serial

.text.load_serial_ymodem.isra.0
                0xfff0a2bc      0x128
 .text.load_serial_ymodem.isra.0
                0xfff0a2bc      0x128 common/libcommon.o

.text.send_pad  0xfff0a3e4       0x44
 .text.send_pad
                0xfff0a3e4       0x44 common/libcommon.o
                0xfff0a3e4                send_pad

.text.ktrans    0xfff0a428       0x30
 .text.ktrans   0xfff0a428       0x30 common/libcommon.o
                0xfff0a428                ktrans

.text.chk1      0xfff0a458       0x2c
 .text.chk1     0xfff0a458       0x2c common/libcommon.o
                0xfff0a458                chk1

.text.s1_sendpacket
                0xfff0a484       0x38
 .text.s1_sendpacket
                0xfff0a484       0x38 common/libcommon.o
                0xfff0a484                s1_sendpacket

.text.send_ack  0xfff0a4bc       0x74
 .text.send_ack
                0xfff0a4bc       0x74 common/libcommon.o
                0xfff0a4bc                send_ack

.text.send_nack
                0xfff0a530       0x74
 .text.send_nack
                0xfff0a530       0x74 common/libcommon.o
                0xfff0a530                send_nack

.text.k_data_init
                0xfff0a5a4       0x3c
 .text.k_data_init
                0xfff0a5a4       0x3c common/libcommon.o
                0xfff0a5a4                k_data_init

.text.k_data_save
                0xfff0a5e0       0x54
 .text.k_data_save
                0xfff0a5e0       0x54 common/libcommon.o
                0xfff0a5e0                k_data_save

.text.k_data_restore
                0xfff0a634       0x54
 .text.k_data_restore
                0xfff0a634       0x54 common/libcommon.o
                0xfff0a634                k_data_restore

.text.k_data_char
                0xfff0a688       0x8c
 .text.k_data_char
                0xfff0a688       0x8c common/libcommon.o
                0xfff0a688                k_data_char

.text.handle_send_packet
                0xfff0a714      0x1f0
 .text.handle_send_packet
                0xfff0a714      0x1f0 common/libcommon.o
                0xfff0a714                handle_send_packet

.text.do_load_serial_bin
                0xfff0a904      0x47c
 .text.do_load_serial_bin
                0xfff0a904      0x47c common/libcommon.o
                0xfff0a904                do_load_serial_bin

.text.do_mem_md
                0xfff0ad80       0xf0
 .text.do_mem_md
                0xfff0ad80       0xf0 common/libcommon.o
                0xfff0ad80                do_mem_md

.text.do_mem_base
                0xfff0ae70       0x54
 .text.do_mem_base
                0xfff0ae70       0x54 common/libcommon.o
                0xfff0ae70                do_mem_base

.text.do_mem_mtest
                0xfff0aec4      0x214
 .text.do_mem_mtest
                0xfff0aec4      0x214 common/libcommon.o
                0xfff0aec4                do_mem_mtest

.text.do_mem_crc
                0xfff0b0d8       0xc0
 .text.do_mem_crc
                0xfff0b0d8       0xc0 common/libcommon.o
                0xfff0b0d8                do_mem_crc

.text.do_mem_mw
                0xfff0b198       0xdc
 .text.do_mem_mw
                0xfff0b198       0xdc common/libcommon.o
                0xfff0b198                do_mem_mw

.text.do_mem_loop
                0xfff0b274      0x100
 .text.do_mem_loop
                0xfff0b274      0x100 common/libcommon.o
                0xfff0b274                do_mem_loop

.text.do_mem_cmp
                0xfff0b374      0x158
 .text.do_mem_cmp
                0xfff0b374      0x158 common/libcommon.o
                0xfff0b374                do_mem_cmp

.text.mod_mem.part.0
                0xfff0b4cc      0x1a8
 .text.mod_mem.part.0
                0xfff0b4cc      0x1a8 common/libcommon.o

.text.do_mem_mm
                0xfff0b674       0x1c
 .text.do_mem_mm
                0xfff0b674       0x1c common/libcommon.o
                0xfff0b674                do_mem_mm

.text.do_mem_nm
                0xfff0b690       0x1c
 .text.do_mem_nm
                0xfff0b690       0x1c common/libcommon.o
                0xfff0b690                do_mem_nm

.text.do_mem_cp
                0xfff0b6ac      0x134
 .text.do_mem_cp
                0xfff0b6ac      0x134 common/libcommon.o
                0xfff0b6ac                do_mem_cp

.text.do_sleep  0xfff0b7e0       0x7c
 .text.do_sleep
                0xfff0b7e0       0x7c common/libcommon.o
                0xfff0b7e0                do_sleep

.text.netboot_common
                0xfff0b85c      0x27c
 .text.netboot_common
                0xfff0b85c      0x27c common/libcommon.o

.text.do_bootp  0xfff0bad8        0xc
 .text.do_bootp
                0xfff0bad8        0xc common/libcommon.o
                0xfff0bad8                do_bootp

.text.do_tftpb  0xfff0bae4        0xc
 .text.do_tftpb
                0xfff0bae4        0xc common/libcommon.o
                0xfff0bae4                do_tftpb

.text.do_nfs    0xfff0baf0        0xc
 .text.do_nfs   0xfff0baf0        0xc common/libcommon.o
                0xfff0baf0                do_nfs

.text.do_env_delete
                0xfff0bafc       0x3c
 .text.do_env_delete
                0xfff0bafc       0x3c common/libcommon.o

.text.env_print
                0xfff0bb38       0xb0
 .text.env_print
                0xfff0bb38       0xb0 common/libcommon.o

.text.do_env_save
                0xfff0bbe8       0x4c
 .text.do_env_save
                0xfff0bbe8       0x4c common/libcommon.o
                0xfff0bbe8                do_env_save

.text.do_env    0xfff0bc34       0x98
 .text.do_env   0xfff0bc34       0x98 common/libcommon.o

.text.do_env_import
                0xfff0bccc      0x224
 .text.do_env_import
                0xfff0bccc      0x224 common/libcommon.o

.text.do_env_default
                0xfff0bef0       0x50
 .text.do_env_default
                0xfff0bef0       0x50 common/libcommon.o

.text.do_env_print
                0xfff0bf40       0xa8
 .text.do_env_print
                0xfff0bf40       0xa8 common/libcommon.o
                0xfff0bf40                do_env_print

.text.get_env_id
                0xfff0bfe8       0x2c
 .text.get_env_id
                0xfff0bfe8       0x2c common/libcommon.o
                0xfff0bfe8                get_env_id

.text._do_env_set
                0xfff0c014      0x320
 .text._do_env_set
                0xfff0c014      0x320 common/libcommon.o
                0xfff0c014                _do_env_set

.text.do_env_set
                0xfff0c334       0x20
 .text.do_env_set
                0xfff0c334       0x20 common/libcommon.o
                0xfff0c334                do_env_set

.text.setenv    0xfff0c354       0x6c
 .text.setenv   0xfff0c354       0x6c common/libcommon.o
                0xfff0c354                setenv

.text.do_env_export
                0xfff0c3c0      0x248
 .text.do_env_export
                0xfff0c3c0      0x248 common/libcommon.o

.text.envmatch  0xfff0c608       0x74
 .text.envmatch
                0xfff0c608       0x74 common/libcommon.o
                0xfff0c608                envmatch

.text.getenv_f  0xfff0c67c       0xdc
 .text.getenv_f
                0xfff0c67c       0xdc common/libcommon.o
                0xfff0c67c                getenv_f

.text.getenv    0xfff0c758       0x8c
 .text.getenv   0xfff0c758       0x8c common/libcommon.o
                0xfff0c758                getenv

.text.do_env_edit
                0xfff0c7e4       0x7c
 .text.do_env_edit
                0xfff0c7e4       0x7c common/libcommon.o
                0xfff0c7e4                do_env_edit

.text.getenv_ulong
                0xfff0c860       0x50
 .text.getenv_ulong
                0xfff0c860       0x50 common/libcommon.o
                0xfff0c860                getenv_ulong

.text.pci_cfg_write.isra.0
                0xfff0c8b0       0x2c
 .text.pci_cfg_write.isra.0
                0xfff0c8b0       0x2c common/libcommon.o

.text.pci_cfg_modify.isra.0
                0xfff0c8dc      0x180
 .text.pci_cfg_modify.isra.0
                0xfff0c8dc      0x180 common/libcommon.o

.text.pci_header_show_brief
                0xfff0ca5c       0x90
 .text.pci_header_show_brief
                0xfff0ca5c       0x90 common/libcommon.o
                0xfff0ca5c                pci_header_show_brief

.text.pci_header_show
                0xfff0caec      0x934
 .text.pci_header_show
                0xfff0caec      0x934 common/libcommon.o
                0xfff0caec                pci_header_show

.text.pciinfo   0xfff0d420      0x150
 .text.pciinfo  0xfff0d420      0x150 common/libcommon.o
                0xfff0d420                pciinfo

.text.do_pci    0xfff0d570      0x3c0
 .text.do_pci   0xfff0d570      0x3c0 common/libcommon.o
                0xfff0d570                do_pci

.text.scsi_ident_cpy
                0xfff0d930       0xd8
 .text.scsi_ident_cpy
                0xfff0d930       0xd8 common/libcommon.o
                0xfff0d930                scsi_ident_cpy

.text.scsi_setup_test_unit_ready
                0xfff0da08       0x30
 .text.scsi_setup_test_unit_ready
                0xfff0da08       0x30 common/libcommon.o
                0xfff0da08                scsi_setup_test_unit_ready

.text.scsi_setup_read_capacity
                0xfff0da38       0x34
 .text.scsi_setup_read_capacity
                0xfff0da38       0x34 common/libcommon.o
                0xfff0da38                scsi_setup_read_capacity

.text.scsi_setup_read_ext
                0xfff0da6c       0x38
 .text.scsi_setup_read_ext
                0xfff0da6c       0x38 common/libcommon.o
                0xfff0da6c                scsi_setup_read_ext

.text.scsi_read
                0xfff0daa4       0xf0
 .text.scsi_read
                0xfff0daa4       0xf0 common/libcommon.o
                0xfff0daa4                scsi_read

.text.do_scsiboot
                0xfff0db94      0x27c
 .text.do_scsiboot
                0xfff0db94      0x27c common/libcommon.o
                0xfff0db94                do_scsiboot

.text.scsi_setup_inquiry
                0xfff0de10       0x4c
 .text.scsi_setup_inquiry
                0xfff0de10       0x4c common/libcommon.o
                0xfff0de10                scsi_setup_inquiry

.text.scsi_scan
                0xfff0de5c      0x2ac
 .text.scsi_scan
                0xfff0de5c      0x2ac common/libcommon.o
                0xfff0de5c                scsi_scan

.text.scsi_init
                0xfff0e108       0x7c
 .text.scsi_init
                0xfff0e108       0x7c common/libcommon.o
                0xfff0e108                scsi_init

.text.do_scsi   0xfff0e184      0x340
 .text.do_scsi  0xfff0e184      0x340 common/libcommon.o
                0xfff0e184                do_scsi

.text.source    0xfff0e4c4      0x178
 .text.source   0xfff0e4c4      0x178 common/libcommon.o
                0xfff0e4c4                source

.text.do_source
                0xfff0e63c       0x68
 .text.do_source
                0xfff0e63c       0x68 common/libcommon.o
                0xfff0e63c                do_source

.text.do_version
                0xfff0e6a4       0x50
 .text.do_version
                0xfff0e6a4       0x50 common/libcommon.o
                0xfff0e6a4                do_version

.text.do_imgextract
                0xfff0e6f4      0x27c
 .text.do_imgextract
                0xfff0e6f4      0x27c common/libcommon.o
                0xfff0e6f4                do_imgextract

.text.find_cmd_tbl
                0xfff0e970       0xb4
 .text.find_cmd_tbl
                0xfff0e970       0xb4 common/libcommon.o
                0xfff0e970                find_cmd_tbl

.text.find_cmd  0xfff0ea24       0x40
 .text.find_cmd
                0xfff0ea24       0x40 common/libcommon.o
                0xfff0ea24                find_cmd

.text.cmd_usage
                0xfff0ea64       0x70
 .text.cmd_usage
                0xfff0ea64       0x70 common/libcommon.o
                0xfff0ea64                cmd_usage

.text._do_help  0xfff0ead4      0x1b0
 .text._do_help
                0xfff0ead4      0x1b0 common/libcommon.o
                0xfff0ead4                _do_help

.text.cmd_get_data_size
                0xfff0ec84       0x6c
 .text.cmd_get_data_size
                0xfff0ec84       0x6c common/libcommon.o
                0xfff0ec84                cmd_get_data_size

.text.cmd_process
                0xfff0ecf0       0xec
 .text.cmd_process
                0xfff0ecf0       0xec common/libcommon.o
                0xfff0ecf0                cmd_process

.text.console_setfile
                0xfff0eddc       0xb8
 .text.console_setfile
                0xfff0eddc       0xb8 common/libcommon.o

.text.fgetc     0xfff0ee94       0x50
 .text.fgetc    0xfff0ee94       0x50 common/libcommon.o
                0xfff0ee94                fgetc

.text.ftstc     0xfff0eee4       0x50
 .text.ftstc    0xfff0eee4       0x50 common/libcommon.o
                0xfff0eee4                ftstc

.text.fputc     0xfff0ef34       0x54
 .text.fputc    0xfff0ef34       0x54 common/libcommon.o
                0xfff0ef34                fputc

.text.fputs     0xfff0ef88       0x54
 .text.fputs    0xfff0ef88       0x54 common/libcommon.o
                0xfff0ef88                fputs

.text.getc      0xfff0efdc       0x2c
 .text.getc     0xfff0efdc       0x2c common/libcommon.o
                0xfff0efdc                getc

.text.tstc      0xfff0f008       0x2c
 .text.tstc     0xfff0f008       0x2c common/libcommon.o
                0xfff0f008                tstc

.text.putc      0xfff0f034       0x28
 .text.putc     0xfff0f034       0x28 common/libcommon.o
                0xfff0f034                putc

.text.puts      0xfff0f05c       0x28
 .text.puts     0xfff0f05c       0x28 common/libcommon.o
                0xfff0f05c                puts

.text.printf    0xfff0f084       0xa8
 .text.printf   0xfff0f084       0xa8 common/libcommon.o
                0xfff0f084                printf

.text.vprintf   0xfff0f12c       0x4c
 .text.vprintf  0xfff0f12c       0x4c common/libcommon.o
                0xfff0f12c                vprintf

.text.ctrlc     0xfff0f178       0x78
 .text.ctrlc    0xfff0f178       0x78 common/libcommon.o
                0xfff0f178                ctrlc

.text.had_ctrlc
                0xfff0f1f0       0x2c
 .text.had_ctrlc
                0xfff0f1f0       0x2c common/libcommon.o
                0xfff0f1f0                had_ctrlc

.text.clear_ctrlc
                0xfff0f21c       0x30
 .text.clear_ctrlc
                0xfff0f21c       0x30 common/libcommon.o
                0xfff0f21c                clear_ctrlc

.text.search_device
                0xfff0f24c       0x3c
 .text.search_device
                0xfff0f24c       0x3c common/libcommon.o
                0xfff0f24c                search_device

.text.console_assign
                0xfff0f288       0x5c
 .text.console_assign
                0xfff0f288       0x5c common/libcommon.o
                0xfff0f288                console_assign

.text.console_init_f
                0xfff0f2e4       0x10
 .text.console_init_f
                0xfff0f2e4       0x10 common/libcommon.o
                0xfff0f2e4                console_init_f

.text.stdio_print_current_devices
                0xfff0f2f4       0xd0
 .text.stdio_print_current_devices
                0xfff0f2f4       0xd0 common/libcommon.o
                0xfff0f2f4                stdio_print_current_devices

.text.console_init_r
                0xfff0f3c4      0x104
 .text.console_init_r
                0xfff0f3c4      0x104 common/libcommon.o
                0xfff0f3c4                console_init_r

.text.sbrk      0xfff0f4c8       0x70
 .text.sbrk     0xfff0f4c8       0x70 common/libcommon.o
                0xfff0f4c8                sbrk

.text.mem_malloc_init
                0xfff0f538       0x48
 .text.mem_malloc_init
                0xfff0f538       0x48 common/libcommon.o
                0xfff0f538                mem_malloc_init

.text.malloc_trim
                0xfff0f580       0xd0
 .text.malloc_trim
                0xfff0f580       0xd0 common/libcommon.o
                0xfff0f580                malloc_trim

.text.free      0xfff0f650      0x250
 .text.free     0xfff0f650      0x250 common/libcommon.o
                0xfff0f650                free

.text.malloc    0xfff0f8a0      0x5f0
 .text.malloc   0xfff0f8a0      0x5f0 common/libcommon.o
                0xfff0f8a0                malloc

.text.calloc    0xfff0fe90       0xe4
 .text.calloc   0xfff0fe90       0xe4 common/libcommon.o
                0xfff0fe90                calloc

.text.env_get_addr
                0xfff0ff74       0x3c
 .text.env_get_addr
                0xfff0ff74       0x3c common/libcommon.o
                0xfff0ff74                env_get_addr

.text.env_get_char_memory
                0xfff0ffb0       0x24
 .text.env_get_char_memory
                0xfff0ffb0       0x24 common/libcommon.o
                0xfff0ffb0                env_get_char_memory

.text.env_get_char
                0xfff0ffd4       0x5c
 .text.env_get_char
                0xfff0ffd4       0x5c common/libcommon.o
                0xfff0ffd4                env_get_char

.text.set_default_env
                0xfff10030       0xa8
 .text.set_default_env
                0xfff10030       0xa8 common/libcommon.o
                0xfff10030                set_default_env

.text.env_import
                0xfff100d8       0xc0
 .text.env_import
                0xfff100d8       0xc0 common/libcommon.o
                0xfff100d8                env_import

.text.env_relocate
                0xfff10198       0x48
 .text.env_relocate
                0xfff10198       0x48 common/libcommon.o
                0xfff10198                env_relocate

.text.env_get_char_spec
                0xfff101e0       0x30
 .text.env_get_char_spec
                0xfff101e0       0x30 common/libcommon.o
                0xfff101e0                env_get_char_spec

.text.env_relocate_spec
                0xfff10210       0x38
 .text.env_relocate_spec
                0xfff10210       0x38 common/libcommon.o
                0xfff10210                env_relocate_spec

.text.saveenv   0xfff10248       0x9c
 .text.saveenv  0xfff10248       0x9c common/libcommon.o
                0xfff10248                saveenv

.text.env_init  0xfff102e4       0x88
 .text.env_init
                0xfff102e4       0x88 common/libcommon.o
                0xfff102e4                env_init

.text.dummy     0xfff1036c        0x4
 .text.dummy    0xfff1036c        0x4 common/libcommon.o

.text.get_version
                0xfff10370        0x8
 .text.get_version
                0xfff10370        0x8 common/libcommon.o
                0xfff10370                get_version

.text.jumptable_init
                0xfff10378      0x164
 .text.jumptable_init
                0xfff10378      0x164 common/libcommon.o
                0xfff10378                jumptable_init

.text.flash_protect
                0xfff104dc       0xdc
 .text.flash_protect
                0xfff104dc       0xdc common/libcommon.o
                0xfff104dc                flash_protect

.text.addr2info
                0xfff105b8       0x98
 .text.addr2info
                0xfff105b8       0x98 common/libcommon.o
                0xfff105b8                addr2info

.text.flash_write
                0xfff10650      0x148
 .text.flash_write
                0xfff10650      0x148 common/libcommon.o
                0xfff10650                flash_write

.text.flash_perror
                0xfff10798       0xd0
 .text.flash_perror
                0xfff10798       0xd0 common/libcommon.o
                0xfff10798                flash_perror

.text.image_check_hcrc
                0xfff10868       0x58
 .text.image_check_hcrc
                0xfff10868       0x58 common/libcommon.o
                0xfff10868                image_check_hcrc

.text.image_check_dcrc
                0xfff108c0       0x40
 .text.image_check_dcrc
                0xfff108c0       0x40 common/libcommon.o
                0xfff108c0                image_check_dcrc

.text.image_multi_count
                0xfff10900       0x1c
 .text.image_multi_count
                0xfff10900       0x1c common/libcommon.o
                0xfff10900                image_multi_count

.text.image_multi_getimg
                0xfff1091c       0x90
 .text.image_multi_getimg
                0xfff1091c       0x90 common/libcommon.o
                0xfff1091c                image_multi_getimg

.text.getenv_yesno
                0xfff109ac       0x40
 .text.getenv_yesno
                0xfff109ac       0x40 common/libcommon.o
                0xfff109ac                getenv_yesno

.text.getenv_bootm_low
                0xfff109ec       0x58
 .text.getenv_bootm_low
                0xfff109ec       0x58 common/libcommon.o
                0xfff109ec                getenv_bootm_low

.text.getenv_bootm_size
                0xfff10a44       0x78
 .text.getenv_bootm_size
                0xfff10a44       0x78 common/libcommon.o
                0xfff10a44                getenv_bootm_size

.text.getenv_bootm_mapsize
                0xfff10abc       0x50
 .text.getenv_bootm_mapsize
                0xfff10abc       0x50 common/libcommon.o
                0xfff10abc                getenv_bootm_mapsize

.text.memmove_wd
                0xfff10b0c        0xc
 .text.memmove_wd
                0xfff10b0c        0xc common/libcommon.o
                0xfff10b0c                memmove_wd

.text.genimg_print_size
                0xfff10b18       0x4c
 .text.genimg_print_size
                0xfff10b18       0x4c common/libcommon.o
                0xfff10b18                genimg_print_size

.text.get_table_entry_name
                0xfff10b64       0x2c
 .text.get_table_entry_name
                0xfff10b64       0x2c common/libcommon.o
                0xfff10b64                get_table_entry_name

.text.genimg_get_os_name
                0xfff10b90       0x30
 .text.genimg_get_os_name
                0xfff10b90       0x30 common/libcommon.o
                0xfff10b90                genimg_get_os_name

.text.genimg_get_arch_name
                0xfff10bc0       0x30
 .text.genimg_get_arch_name
                0xfff10bc0       0x30 common/libcommon.o
                0xfff10bc0                genimg_get_arch_name

.text.genimg_get_type_name
                0xfff10bf0       0x30
 .text.genimg_get_type_name
                0xfff10bf0       0x30 common/libcommon.o
                0xfff10bf0                genimg_get_type_name

.text.genimg_get_comp_name
                0xfff10c20       0x30
 .text.genimg_get_comp_name
                0xfff10c20       0x30 common/libcommon.o
                0xfff10c20                genimg_get_comp_name

.text.image_print_contents
                0xfff10c50      0x1cc
 .text.image_print_contents
                0xfff10c50      0x1cc common/libcommon.o
                0xfff10c50                image_print_contents

.text.genimg_get_format
                0xfff10e1c       0x1c
 .text.genimg_get_format
                0xfff10e1c       0x1c common/libcommon.o
                0xfff10e1c                genimg_get_format

.text.genimg_get_image
                0xfff10e38        0x4
 .text.genimg_get_image
                0xfff10e38        0x4 common/libcommon.o
                0xfff10e38                genimg_get_image

.text.genimg_has_config
                0xfff10e3c        0x8
 .text.genimg_has_config
                0xfff10e3c        0x8 common/libcommon.o
                0xfff10e3c                genimg_has_config

.text.boot_get_ramdisk
                0xfff10e44      0x22c
 .text.boot_get_ramdisk
                0xfff10e44      0x22c common/libcommon.o
                0xfff10e44                boot_get_ramdisk

.text.boot_ramdisk_high
                0xfff11070      0x13c
 .text.boot_ramdisk_high
                0xfff11070      0x13c common/libcommon.o
                0xfff11070                boot_ramdisk_high

.text.boot_get_cmdline
                0xfff111ac       0x90
 .text.boot_get_cmdline
                0xfff111ac       0x90 common/libcommon.o
                0xfff111ac                boot_get_cmdline

.text.boot_get_kbd
                0xfff1123c       0x64
 .text.boot_get_kbd
                0xfff1123c       0x64 common/libcommon.o
                0xfff1123c                boot_get_kbd

.text.delete_char
                0xfff112a0       0xf4
 .text.delete_char
                0xfff112a0       0xf4 common/libcommon.o

.text.__show_boot_progress
                0xfff11394        0x4
 .text.__show_boot_progress
                0xfff11394        0x4 common/libcommon.o
                0xfff11394                __show_boot_progress
                0xfff11394                show_boot_progress

.text.readline_into_buffer
                0xfff11398      0x1c0
 .text.readline_into_buffer
                0xfff11398      0x1c0 common/libcommon.o
                0xfff11398                readline_into_buffer

.text.readline  0xfff11558       0x34
 .text.readline
                0xfff11558       0x34 common/libcommon.o
                0xfff11558                readline

.text.parse_line
                0xfff1158c       0xbc
 .text.parse_line
                0xfff1158c       0xbc common/libcommon.o
                0xfff1158c                parse_line

.text.builtin_run_command
                0xfff11648      0x378
 .text.builtin_run_command
                0xfff11648      0x378 common/libcommon.o

.text.run_command
                0xfff119c0       0x2c
 .text.run_command
                0xfff119c0       0x2c common/libcommon.o
                0xfff119c0                run_command

.text.main_loop
                0xfff119ec      0x1bc
 .text.main_loop
                0xfff119ec      0x1bc common/libcommon.o
                0xfff119ec                main_loop

.text.do_run    0xfff11ba8       0x80
 .text.do_run   0xfff11ba8       0x80 common/libcommon.o
                0xfff11ba8                do_run

.text.hex1_bin  0xfff11c28       0x48
 .text.hex1_bin
                0xfff11c28       0x48 common/libcommon.o

.text.hex2_bin  0xfff11c70       0x50
 .text.hex2_bin
                0xfff11c70       0x50 common/libcommon.o

.text.srec_decode
                0xfff11cc0      0x22c
 .text.srec_decode
                0xfff11cc0      0x22c common/libcommon.o
                0xfff11cc0                srec_decode

.text.stdio_get_list
                0xfff11eec       0x2c
 .text.stdio_get_list
                0xfff11eec       0x2c common/libcommon.o
                0xfff11eec                stdio_get_list

.text.stdio_get_by_name
                0xfff11f18       0x68
 .text.stdio_get_by_name
                0xfff11f18       0x68 common/libcommon.o
                0xfff11f18                stdio_get_by_name

.text.stdio_clone
                0xfff11f80       0x5c
 .text.stdio_clone
                0xfff11f80       0x5c common/libcommon.o
                0xfff11f80                stdio_clone

.text.stdio_register
                0xfff11fdc       0x64
 .text.stdio_register
                0xfff11fdc       0x64 common/libcommon.o
                0xfff11fdc                stdio_register

.text.stdio_init
                0xfff12040       0x88
 .text.stdio_init
                0xfff12040       0x88 common/libcommon.o
                0xfff12040                stdio_init

.text.CYGACC_COMM_IF_GETC_TIMEOUT
                0xfff120c8       0x5c
 .text.CYGACC_COMM_IF_GETC_TIMEOUT
                0xfff120c8       0x5c common/libcommon.o
                0xfff120c8                CYGACC_COMM_IF_GETC_TIMEOUT

.text.xyzModem_flush
                0xfff12124       0x44
 .text.xyzModem_flush
                0xfff12124       0x44 common/libcommon.o

.text.CYGACC_COMM_IF_PUTC
                0xfff12168        0x8
 .text.CYGACC_COMM_IF_PUTC
                0xfff12168        0x8 common/libcommon.o
                0xfff12168                CYGACC_COMM_IF_PUTC

.text.xyzModem_get_hdr
                0xfff12170      0x26c
 .text.xyzModem_get_hdr
                0xfff12170      0x26c common/libcommon.o

.text.parse_num
                0xfff123dc      0x124
 .text.parse_num
                0xfff123dc      0x124 common/libcommon.o
                0xfff123dc                parse_num

.text.xyzModem_stream_open
                0xfff12500      0x16c
 .text.xyzModem_stream_open
                0xfff12500      0x16c common/libcommon.o
                0xfff12500                xyzModem_stream_open

.text.xyzModem_stream_read
                0xfff1266c      0x288
 .text.xyzModem_stream_read
                0xfff1266c      0x288 common/libcommon.o
                0xfff1266c                xyzModem_stream_read

.text.xyzModem_stream_close
                0xfff128f4       0x54
 .text.xyzModem_stream_close
                0xfff128f4       0x54 common/libcommon.o
                0xfff128f4                xyzModem_stream_close

.text.xyzModem_stream_terminate
                0xfff12948       0xfc
 .text.xyzModem_stream_terminate
                0xfff12948       0xfc common/libcommon.o
                0xfff12948                xyzModem_stream_terminate

.text.xyzModem_error
                0xfff12a44       0x8c
 .text.xyzModem_error
                0xfff12a44       0x8c common/libcommon.o
                0xfff12a44                xyzModem_error

.text.print_part_header
                0xfff12ad0       0xbc
 .text.print_part_header
                0xfff12ad0       0xbc disk/libdisk.o

.text.dev_print
                0xfff12b8c      0x1e0
 .text.dev_print
                0xfff12b8c      0x1e0 disk/libdisk.o
                0xfff12b8c                dev_print

.text.init_part
                0xfff12d6c       0x58
 .text.init_part
                0xfff12d6c       0x58 disk/libdisk.o
                0xfff12d6c                init_part

.text.get_partition_info
                0xfff12dc4       0x5c
 .text.get_partition_info
                0xfff12dc4       0x5c disk/libdisk.o
                0xfff12dc4                get_partition_info

.text.print_part
                0xfff12e20       0xcc
 .text.print_part
                0xfff12e20       0xcc disk/libdisk.o
                0xfff12e20                print_part

.text.part_mac_read_ddb
                0xfff12eec       0x6c
 .text.part_mac_read_ddb
                0xfff12eec       0x6c disk/libdisk.o

.text.test_part_mac
                0xfff12f58       0x84
 .text.test_part_mac
                0xfff12f58       0x84 disk/libdisk.o
                0xfff12f58                test_part_mac

.text.print_part_mac
                0xfff12fdc      0x1b0
 .text.print_part_mac
                0xfff12fdc      0x1b0 disk/libdisk.o
                0xfff12fdc                print_part_mac

.text.get_partition_info_mac
                0xfff1318c      0x140
 .text.get_partition_info_mac
                0xfff1318c      0x140 disk/libdisk.o
                0xfff1318c                get_partition_info_mac

.text.le32_to_int
                0xfff132cc        0x8
 .text.le32_to_int
                0xfff132cc        0x8 disk/libdisk.o

.text.is_extended
                0xfff132d4       0x24
 .text.is_extended
                0xfff132d4       0x24 disk/libdisk.o

.text.print_partition_extended
                0xfff132f8      0x1f0
 .text.print_partition_extended
                0xfff132f8      0x1f0 disk/libdisk.o

.text.get_partition_info_extended
                0xfff134e8      0x208
 .text.get_partition_info_extended
                0xfff134e8      0x208 disk/libdisk.o

.text.test_part_dos
                0xfff136f0       0x88
 .text.test_part_dos
                0xfff136f0       0x88 disk/libdisk.o
                0xfff136f0                test_part_dos

.text.print_part_dos
                0xfff13778       0x50
 .text.print_part_dos
                0xfff13778       0x50 disk/libdisk.o
                0xfff13778                print_part_dos

.text.get_partition_info_dos
                0xfff137c8       0x18
 .text.get_partition_info_dos
                0xfff137c8       0x18 disk/libdisk.o
                0xfff137c8                get_partition_info_dos

.text.get_partition_info_iso_verb
                0xfff137e0      0x39c
 .text.get_partition_info_iso_verb
                0xfff137e0      0x39c disk/libdisk.o
                0xfff137e0                get_partition_info_iso_verb

.text.get_partition_info_iso
                0xfff13b7c        0x8
 .text.get_partition_info_iso
                0xfff13b7c        0x8 disk/libdisk.o
                0xfff13b7c                get_partition_info_iso

.text.print_part_iso
                0xfff13b84       0xb4
 .text.print_part_iso
                0xfff13b84       0xb4 disk/libdisk.o
                0xfff13b84                print_part_iso

.text.test_part_iso
                0xfff13c38       0x2c
 .text.test_part_iso
                0xfff13c38       0x2c disk/libdisk.o
                0xfff13c38                test_part_iso

.text.scsi_print_error
                0xfff13c64      0x340
 .text.scsi_print_error
                0xfff13c64      0x340 drivers/block/libblock.o
                0xfff13c64                scsi_print_error

.text.swap_script
                0xfff13fa4       0x14
 .text.swap_script
                0xfff13fa4       0x14 drivers/block/libblock.o
                0xfff13fa4                swap_script

.text.scsi_write_byte
                0xfff13fb8       0x30
 .text.scsi_write_byte
                0xfff13fb8       0x30 drivers/block/libblock.o
                0xfff13fb8                scsi_write_byte

.text.scsi_read_byte
                0xfff13fe8       0x30
 .text.scsi_read_byte
                0xfff13fe8       0x30 drivers/block/libblock.o
                0xfff13fe8                scsi_read_byte

.text.handle_scsi_int
                0xfff14018      0x180
 .text.handle_scsi_int
                0xfff14018      0x180 drivers/block/libblock.o
                0xfff14018                handle_scsi_int

.text.scsi_int_enable
                0xfff14198       0x58
 .text.scsi_int_enable
                0xfff14198       0x58 drivers/block/libblock.o
                0xfff14198                scsi_int_enable

.text.scsi_write_dsp
                0xfff141f0       0x34
 .text.scsi_write_dsp
                0xfff141f0       0x34 drivers/block/libblock.o
                0xfff141f0                scsi_write_dsp

.text.scsi_set_script
                0xfff14224      0x834
 .text.scsi_set_script
                0xfff14224      0x834 drivers/block/libblock.o
                0xfff14224                scsi_set_script

.text.scsi_issue
                0xfff14a58      0x1e8
 .text.scsi_issue
                0xfff14a58      0x1e8 drivers/block/libblock.o
                0xfff14a58                scsi_issue

.text.scsi_exec
                0xfff14c40      0x150
 .text.scsi_exec
                0xfff14c40      0x150 drivers/block/libblock.o
                0xfff14c40                scsi_exec

.text.scsi_chip_init
                0xfff14d90      0x148
 .text.scsi_chip_init
                0xfff14d90      0x148 drivers/block/libblock.o
                0xfff14d90                scsi_chip_init

.text.scsi_bus_reset
                0xfff14ed8       0xb8
 .text.scsi_bus_reset
                0xfff14ed8       0xb8 drivers/block/libblock.o
                0xfff14ed8                scsi_bus_reset

.text.scsi_low_level_init
                0xfff14f90       0x98
 .text.scsi_low_level_init
                0xfff14f90       0x98 drivers/block/libblock.o
                0xfff14f90                scsi_low_level_init

.text.write_pgcs_config
                0xfff15028       0x24
 .text.write_pgcs_config
                0xfff15028       0x24 drivers/misc/libmisc.o

.text.initialise_ns87308
                0xfff1504c      0x268
 .text.initialise_ns87308
                0xfff1504c      0x268 drivers/misc/libmisc.o
                0xfff1504c                initialise_ns87308

.text.___arch__swab32
                0xfff152b4       0x18
 .text.___arch__swab32
                0xfff152b4       0x18 drivers/net/libnet.o

.text.dc21x4x_recv
                0xfff152cc       0xc0
 .text.dc21x4x_recv
                0xfff152cc       0xc0 drivers/net/libnet.o

.text.dc21x4x_send
                0xfff1538c      0x11c
 .text.dc21x4x_send
                0xfff1538c      0x11c drivers/net/libnet.o

.text.OUTL.isra.0
                0xfff154a8       0x44
 .text.OUTL.isra.0
                0xfff154a8       0x2c drivers/net/libnet.o
 .text.OUTL.isra.0
                0xfff154d4       0x18 board/eltec/bab7xx/libbab7xx.o

.text.sendto_srom.constprop.0.isra.0
                0xfff154ec       0x28
 .text.sendto_srom.constprop.0.isra.0
                0xfff154ec       0x28 drivers/net/libnet.o

.text.INL.isra.0
                0xfff15514        0x8
 .text.INL.isra.0
                0xfff15514        0x8 drivers/net/libnet.o

.text.dc21x4x_init
                0xfff1551c      0x2fc
 .text.dc21x4x_init
                0xfff1551c      0x2fc drivers/net/libnet.o

.text.dc21x4x_halt
                0xfff15818       0x68
 .text.dc21x4x_halt
                0xfff15818       0x68 drivers/net/libnet.o

.text.dc21x4x_initialize
                0xfff15880      0x3e0
 .text.dc21x4x_initialize
                0xfff15880      0x3e0 drivers/net/libnet.o
                0xfff15880                dc21x4x_initialize

.text.pci_hose_read_config_byte
                0xfff15c60        0xc
 .text.pci_hose_read_config_byte
                0xfff15c60        0xc drivers/pci/libpci.o
                0xfff15c60                pci_hose_read_config_byte

.text.pci_hose_read_config_word
                0xfff15c6c        0xc
 .text.pci_hose_read_config_word
                0xfff15c6c        0xc drivers/pci/libpci.o
                0xfff15c6c                pci_hose_read_config_word

.text.pci_hose_read_config_dword
                0xfff15c78        0xc
 .text.pci_hose_read_config_dword
                0xfff15c78        0xc drivers/pci/libpci.o
                0xfff15c78                pci_hose_read_config_dword

.text.pci_hose_write_config_byte
                0xfff15c84        0xc
 .text.pci_hose_write_config_byte
                0xfff15c84        0xc drivers/pci/libpci.o
                0xfff15c84                pci_hose_write_config_byte

.text.pci_hose_write_config_word
                0xfff15c90        0xc
 .text.pci_hose_write_config_word
                0xfff15c90        0xc drivers/pci/libpci.o
                0xfff15c90                pci_hose_write_config_word

.text.pci_hose_write_config_dword
                0xfff15c9c        0xc
 .text.pci_hose_write_config_dword
                0xfff15c9c        0xc drivers/pci/libpci.o
                0xfff15c9c                pci_hose_write_config_dword

.text.pci_register_hose
                0xfff15ca8       0x44
 .text.pci_register_hose
                0xfff15ca8       0x44 drivers/pci/libpci.o
                0xfff15ca8                pci_register_hose

.text.pci_bus_to_hose
                0xfff15cec       0x60
 .text.pci_bus_to_hose
                0xfff15cec       0x60 drivers/pci/libpci.o
                0xfff15cec                pci_bus_to_hose

.text.pci_read_config_byte
                0xfff15d4c       0x68
 .text.pci_read_config_byte
                0xfff15d4c       0x68 drivers/pci/libpci.o
                0xfff15d4c                pci_read_config_byte

.text.pci_read_config_word
                0xfff15db4       0x68
 .text.pci_read_config_word
                0xfff15db4       0x68 drivers/pci/libpci.o
                0xfff15db4                pci_read_config_word

.text.pci_read_config_dword
                0xfff15e1c       0x68
 .text.pci_read_config_dword
                0xfff15e1c       0x68 drivers/pci/libpci.o
                0xfff15e1c                pci_read_config_dword

.text.pci_write_config_byte
                0xfff15e84       0x60
 .text.pci_write_config_byte
                0xfff15e84       0x60 drivers/pci/libpci.o
                0xfff15e84                pci_write_config_byte

.text.pci_write_config_word
                0xfff15ee4       0x60
 .text.pci_write_config_word
                0xfff15ee4       0x60 drivers/pci/libpci.o
                0xfff15ee4                pci_write_config_word

.text.pci_write_config_dword
                0xfff15f44       0x60
 .text.pci_write_config_dword
                0xfff15f44       0x60 drivers/pci/libpci.o
                0xfff15f44                pci_write_config_dword

.text.pci_find_devices
                0xfff15fa4      0x120
 .text.pci_find_devices
                0xfff15fa4      0x120 drivers/pci/libpci.o
                0xfff15fa4                pci_find_devices

.text.pci_find_device
                0xfff160c4       0x38
 .text.pci_find_device
                0xfff160c4       0x38 drivers/pci/libpci.o
                0xfff160c4                pci_find_device

.text.__pci_hose_phys_to_bus
                0xfff160fc       0x80
 .text.__pci_hose_phys_to_bus
                0xfff160fc       0x80 drivers/pci/libpci.o
                0xfff160fc                __pci_hose_phys_to_bus

.text.pci_hose_phys_to_bus
                0xfff1617c       0x8c
 .text.pci_hose_phys_to_bus
                0xfff1617c       0x8c drivers/pci/libpci.o
                0xfff1617c                pci_hose_phys_to_bus

.text.__pci_hose_bus_to_phys
                0xfff16208       0x90
 .text.__pci_hose_bus_to_phys
                0xfff16208       0x90 drivers/pci/libpci.o
                0xfff16208                __pci_hose_bus_to_phys

.text.pci_hose_bus_to_phys
                0xfff16298       0x8c
 .text.pci_hose_bus_to_phys
                0xfff16298       0x8c drivers/pci/libpci.o
                0xfff16298                pci_hose_bus_to_phys

.text.pci_find_config
                0xfff16324       0x9c
 .text.pci_find_config
                0xfff16324       0x9c drivers/pci/libpci.o
                0xfff16324                pci_find_config

.text.pci_class_str
                0xfff163c0       0xe8
 .text.pci_class_str
                0xfff163c0       0xe8 drivers/pci/libpci.o
                0xfff163c0                pci_class_str

.text.__pci_skip_dev
                0xfff164a8       0x18
 .text.__pci_skip_dev
                0xfff164a8       0x18 drivers/pci/libpci.o
                0xfff164a8                __pci_skip_dev
                0xfff164a8                pci_skip_dev

.text.pci_hose_scan_bus
                0xfff164c0      0x188
 .text.pci_hose_scan_bus
                0xfff164c0      0x188 drivers/pci/libpci.o
                0xfff164c0                pci_hose_scan_bus

.text.pci_hose_scan
                0xfff16648       0x40
 .text.pci_hose_scan
                0xfff16648       0x40 drivers/pci/libpci.o
                0xfff16648                pci_hose_scan

.text.pci_init  0xfff16688       0x30
 .text.pci_init
                0xfff16688       0x30 drivers/pci/libpci.o
                0xfff16688                pci_init

.text.pciauto_region_init
                0xfff166b8       0x18
 .text.pciauto_region_init
                0xfff166b8       0x18 drivers/pci/libpci.o
                0xfff166b8                pciauto_region_init

.text.pciauto_region_align
                0xfff166d0       0x1c
 .text.pciauto_region_align
                0xfff166d0       0x1c drivers/pci/libpci.o
                0xfff166d0                pciauto_region_align

.text.pciauto_region_allocate
                0xfff166ec       0x54
 .text.pciauto_region_allocate
                0xfff166ec       0x54 drivers/pci/libpci.o
                0xfff166ec                pciauto_region_allocate

.text.pciauto_setup_device
                0xfff16740      0x1f0
 .text.pciauto_setup_device
                0xfff16740      0x1f0 drivers/pci/libpci.o
                0xfff16740                pciauto_setup_device

.text.pciauto_prescan_setup_bridge
                0xfff16930      0x18c
 .text.pciauto_prescan_setup_bridge
                0xfff16930      0x18c drivers/pci/libpci.o
                0xfff16930                pciauto_prescan_setup_bridge

.text.pciauto_postscan_setup_bridge
                0xfff16abc      0x10c
 .text.pciauto_postscan_setup_bridge
                0xfff16abc      0x10c drivers/pci/libpci.o
                0xfff16abc                pciauto_postscan_setup_bridge

.text.pciauto_config_init
                0xfff16bc8      0x11c
 .text.pciauto_config_init
                0xfff16bc8      0x11c drivers/pci/libpci.o
                0xfff16bc8                pciauto_config_init

.text.pciauto_config_device
                0xfff16ce4      0x120
 .text.pciauto_config_device
                0xfff16ce4      0x120 drivers/pci/libpci.o
                0xfff16ce4                pciauto_config_device

.text.indirect_read_config_byte
                0xfff16e04       0x58
 .text.indirect_read_config_byte
                0xfff16e04       0x58 drivers/pci/libpci.o

.text.indirect_read_config_word
                0xfff16e5c       0x58
 .text.indirect_read_config_word
                0xfff16e5c       0x58 drivers/pci/libpci.o

.text.indirect_read_config_dword
                0xfff16eb4       0x50
 .text.indirect_read_config_dword
                0xfff16eb4       0x50 drivers/pci/libpci.o

.text.indirect_write_config_byte
                0xfff16f04       0x4c
 .text.indirect_write_config_byte
                0xfff16f04       0x4c drivers/pci/libpci.o

.text.indirect_write_config_word
                0xfff16f50       0x4c
 .text.indirect_write_config_word
                0xfff16f50       0x4c drivers/pci/libpci.o

.text.indirect_write_config_dword
                0xfff16f9c       0x44
 .text.indirect_write_config_dword
                0xfff16f9c       0x44 drivers/pci/libpci.o

.text.pci_setup_indirect
                0xfff16fe0       0x5c
 .text.pci_setup_indirect
                0xfff16fe0       0x5c drivers/pci/libpci.o
                0xfff16fe0                pci_setup_indirect

.text.initialise_pic
                0xfff1703c      0x174
 .text.initialise_pic
                0xfff1703c      0x174 drivers/pci/libpci.o
                0xfff1703c                initialise_pic

.text.initialise_dma
                0xfff171b0       0xe4
 .text.initialise_dma
                0xfff171b0       0xe4 drivers/pci/libpci.o
                0xfff171b0                initialise_dma

.text.initialise_w83c553f
                0xfff17294      0x1b0
 .text.initialise_w83c553f
                0xfff17294      0x1b0 drivers/pci/libpci.o
                0xfff17294                initialise_w83c553f

.text.GregorianDay
                0xfff17444       0xdc
 .text.GregorianDay
                0xfff17444       0xdc drivers/rtc/librtc.o
                0xfff17444                GregorianDay

.text.to_tm     0xfff17520       0xe0
 .text.to_tm    0xfff17520       0xe0 drivers/rtc/librtc.o
                0xfff17520                to_tm

.text.rtc_write
                0xfff17600       0x64
 .text.rtc_write
                0xfff17600       0x64 drivers/rtc/librtc.o

.text.rtc_read  0xfff17664       0x58
 .text.rtc_read
                0xfff17664       0x58 drivers/rtc/librtc.o

.text.nvram_read
                0xfff176bc       0x4c
 .text.nvram_read
                0xfff176bc       0x4c drivers/rtc/librtc.o
                0xfff176bc                nvram_read

.text.nvram_write
                0xfff17708       0x48
 .text.nvram_write
                0xfff17708       0x48 drivers/rtc/librtc.o
                0xfff17708                nvram_write

.text.rtc_get   0xfff17750      0x13c
 .text.rtc_get  0xfff17750      0x13c drivers/rtc/librtc.o
                0xfff17750                rtc_get

.text.rtc_set   0xfff1788c      0x160
 .text.rtc_set  0xfff1788c      0x160 drivers/rtc/librtc.o
                0xfff1788c                rtc_set

.text.rtc_reset
                0xfff179ec       0x2c
 .text.rtc_reset
                0xfff179ec       0x2c drivers/rtc/librtc.o
                0xfff179ec                rtc_reset

.text.rtc_set_watchdog
                0xfff17a18       0x18
 .text.rtc_set_watchdog
                0xfff17a18       0x18 drivers/rtc/librtc.o
                0xfff17a18                rtc_set_watchdog

.text.NS16550_init
                0xfff17a30       0x74
 .text.NS16550_init
                0xfff17a30       0x74 drivers/serial/libserial.o
                0xfff17a30                NS16550_init

.text.NS16550_reinit
                0xfff17aa4       0x78
 .text.NS16550_reinit
                0xfff17aa4       0x78 drivers/serial/libserial.o
                0xfff17aa4                NS16550_reinit

.text.NS16550_putc
                0xfff17b1c       0x24
 .text.NS16550_putc
                0xfff17b1c       0x24 drivers/serial/libserial.o
                0xfff17b1c                NS16550_putc

.text.NS16550_getc
                0xfff17b40       0x30
 .text.NS16550_getc
                0xfff17b40       0x30 drivers/serial/libserial.o
                0xfff17b40                NS16550_getc

.text.NS16550_tstc
                0xfff17b70       0x18
 .text.NS16550_tstc
                0xfff17b70       0x18 drivers/serial/libserial.o
                0xfff17b70                NS16550_tstc

.text.calc_divisor.isra.0
                0xfff17b88       0x20
 .text.calc_divisor.isra.0
                0xfff17b88       0x20 drivers/serial/libserial.o

.text.serial_init
                0xfff17ba8       0x50
 .text.serial_init
                0xfff17ba8       0x50 drivers/serial/libserial.o
                0xfff17ba8                serial_init

.text._serial_putc
                0xfff17bf8       0x60
 .text._serial_putc
                0xfff17bf8       0x60 drivers/serial/libserial.o
                0xfff17bf8                _serial_putc

.text._serial_puts
                0xfff17c58       0x38
 .text._serial_puts
                0xfff17c58       0x38 drivers/serial/libserial.o
                0xfff17c58                _serial_puts

.text._serial_getc
                0xfff17c90       0x40
 .text._serial_getc
                0xfff17c90       0x40 drivers/serial/libserial.o
                0xfff17c90                _serial_getc

.text._serial_tstc
                0xfff17cd0       0x34
 .text._serial_tstc
                0xfff17cd0       0x34 drivers/serial/libserial.o
                0xfff17cd0                _serial_tstc

.text._serial_setbrg
                0xfff17d04       0x50
 .text._serial_setbrg
                0xfff17d04       0x50 drivers/serial/libserial.o
                0xfff17d04                _serial_setbrg

.text.serial_putc
                0xfff17d54        0x8
 .text.serial_putc
                0xfff17d54        0x8 drivers/serial/libserial.o
                0xfff17d54                serial_putc

.text.serial_puts
                0xfff17d5c        0x8
 .text.serial_puts
                0xfff17d5c        0x8 drivers/serial/libserial.o
                0xfff17d5c                serial_puts

.text.serial_getc
                0xfff17d64        0x8
 .text.serial_getc
                0xfff17d64        0x8 drivers/serial/libserial.o
                0xfff17d64                serial_getc

.text.serial_tstc
                0xfff17d6c        0x8
 .text.serial_tstc
                0xfff17d6c        0x8 drivers/serial/libserial.o
                0xfff17d6c                serial_tstc

.text.serial_setbrg
                0xfff17d74        0x8
 .text.serial_setbrg
                0xfff17d74        0x8 drivers/serial/libserial.o
                0xfff17d74                serial_setbrg

.text.rtime_decompress
                0xfff17d7c       0xa4
 .text.rtime_decompress
                0xfff17d7c       0xa4 fs/jffs2/libjffs2.o
                0xfff17d7c                rtime_decompress

.text.rubin_do_decompress
                0xfff17e20       0xf8
 .text.rubin_do_decompress
                0xfff17e20       0xf8 fs/jffs2/libjffs2.o
                0xfff17e20                rubin_do_decompress

.text.dynrubin_decompress
                0xfff17f18       0x50
 .text.dynrubin_decompress
                0xfff17f18       0x50 fs/jffs2/libjffs2.o
                0xfff17f18                dynrubin_decompress

.text.zlib_decompress
                0xfff17f68       0x34
 .text.zlib_decompress
                0xfff17f68       0x34 fs/jffs2/libjffs2.o
                0xfff17f68                zlib_decompress

.text.get_fl_mem_nor
                0xfff17f9c       0x64
 .text.get_fl_mem_nor
                0xfff17f9c       0x64 fs/jffs2/libjffs2.o

.text.get_fl_mem
                0xfff18000       0x68
 .text.get_fl_mem
                0xfff18000       0x68 fs/jffs2/libjffs2.o

.text.get_node_mem
                0xfff18068       0x98
 .text.get_node_mem
                0xfff18068       0x98 fs/jffs2/libjffs2.o

.text.jffs2_1pass_find_inode
                0xfff18100      0x104
 .text.jffs2_1pass_find_inode
                0xfff18100      0x104 fs/jffs2/libjffs2.o

.text.jffs2_1pass_search_inode
                0xfff18204      0x13c
 .text.jffs2_1pass_search_inode
                0xfff18204      0x13c fs/jffs2/libjffs2.o

.text.insert_node
                0xfff18340       0xdc
 .text.insert_node
                0xfff18340       0xdc fs/jffs2/libjffs2.o

.text.jffs2_free_cache
                0xfff1841c       0x7c
 .text.jffs2_free_cache
                0xfff1841c       0x7c fs/jffs2/libjffs2.o
                0xfff1841c                jffs2_free_cache

.text.mkmodestr
                0xfff18498      0x14c
 .text.mkmodestr
                0xfff18498      0x14c fs/jffs2/libjffs2.o
                0xfff18498                mkmodestr

.text.jffs2_1pass_search_list_inodes.constprop.0
                0xfff185e4      0x4ec
 .text.jffs2_1pass_search_list_inodes.constprop.0
                0xfff185e4      0x4ec fs/jffs2/libjffs2.o

.text.jffs2_1pass_rescan_needed
                0xfff18ad0       0x8c
 .text.jffs2_1pass_rescan_needed
                0xfff18ad0       0x8c fs/jffs2/libjffs2.o
                0xfff18ad0                jffs2_1pass_rescan_needed

.text.jffs2_get_list
                0xfff18b5c      0x4a4
 .text.jffs2_get_list
                0xfff18b5c      0x4a4 fs/jffs2/libjffs2.o

.text.jffs2_1pass_ls
                0xfff19000       0x60
 .text.jffs2_1pass_ls
                0xfff19000       0x60 fs/jffs2/libjffs2.o
                0xfff19000                jffs2_1pass_ls

.text.jffs2_1pass_load
                0xfff19060      0x310
 .text.jffs2_1pass_load
                0xfff19060      0x310 fs/jffs2/libjffs2.o
                0xfff19060                jffs2_1pass_load

.text.jffs2_1pass_info
                0xfff19370      0x108
 .text.jffs2_1pass_info
                0xfff19370      0x108 fs/jffs2/libjffs2.o
                0xfff19370                jffs2_1pass_info

.text.fill_code_tables
                0xfff19478       0xd4
 .text.fill_code_tables
                0xfff19478       0xd4 fs/jffs2/libjffs2.o

.text.cramfs_memset
                0xfff1954c       0x24
 .text.cramfs_memset
                0xfff1954c       0x24 fs/jffs2/libjffs2.o
                0xfff1954c                cramfs_memset

.text.init_code_tables
                0xfff19570       0x54
 .text.init_code_tables
                0xfff19570       0x54 fs/jffs2/libjffs2.o

.text.pull_bits
                0xfff195c4       0x68
 .text.pull_bits
                0xfff195c4       0x68 fs/jffs2/libjffs2.o
                0xfff195c4                pull_bits

.text.pull_bit  0xfff1962c       0x44
 .text.pull_bit
                0xfff1962c       0x44 fs/jffs2/libjffs2.o
                0xfff1962c                pull_bit

.text.read_symbol
                0xfff19670       0x9c
 .text.read_symbol
                0xfff19670       0x9c fs/jffs2/libjffs2.o

.text.decompress_huffman
                0xfff1970c      0x168
 .text.decompress_huffman
                0xfff1970c      0x168 fs/jffs2/libjffs2.o

.text.decompress_block
                0xfff19874      0x588
 .text.decompress_block
                0xfff19874      0x588 fs/jffs2/libjffs2.o
                0xfff19874                decompress_block

.text.cyg_crc16
                0xfff19dfc       0x78
 .text.cyg_crc16
                0xfff19dfc       0x78 lib/libgeneric.o
                0xfff19dfc                cyg_crc16

.text.crc32_no_comp
                0xfff19e74      0x134
 .text.crc32_no_comp
                0xfff19e74      0x134 lib/libgeneric.o
                0xfff19e74                crc32_no_comp

.text.crc32     0xfff19fa8       0x28
 .text.crc32    0xfff19fa8       0x28 lib/libgeneric.o
                0xfff19fa8                crc32

.text.crc32_wd  0xfff19fd0        0x4
 .text.crc32_wd
                0xfff19fd0        0x4 lib/libgeneric.o
                0xfff19fd0                crc32_wd

.text.display_options
                0xfff19fd4       0x40
 .text.display_options
                0xfff19fd4       0x40 lib/libgeneric.o
                0xfff19fd4                display_options

.text.print_size
                0xfff1a014      0x190
 .text.print_size
                0xfff1a014      0x190 lib/libgeneric.o
                0xfff1a014                print_size

.text.print_buffer
                0xfff1a1a4      0x1a8
 .text.print_buffer
                0xfff1a1a4      0x1a8 lib/libgeneric.o
                0xfff1a1a4                print_buffer

.text.__div64_32
                0xfff1a34c       0xdc
 .text.__div64_32
                0xfff1a34c       0xdc lib/libgeneric.o
                0xfff1a34c                __div64_32

.text.gzalloc   0xfff1a428       0x10
 .text.gzalloc  0xfff1a428       0x10 lib/libgeneric.o
                0xfff1a428                gzalloc

.text.gzfree    0xfff1a438        0x8
 .text.gzfree   0xfff1a438        0x8 lib/libgeneric.o
                0xfff1a438                gzfree

.text.zunzip    0xfff1a440      0x11c
 .text.zunzip   0xfff1a440      0x11c lib/libgeneric.o
                0xfff1a440                zunzip

.text.gunzip    0xfff1a55c       0xe4
 .text.gunzip   0xfff1a55c       0xe4 lib/libgeneric.o
                0xfff1a55c                gunzip

.text.cmpkey    0xfff1a640       0x14
 .text.cmpkey   0xfff1a640       0x14 lib/libgeneric.o

.text.hcreate_r
                0xfff1a654       0xa4
 .text.hcreate_r
                0xfff1a654       0xa4 lib/libgeneric.o
                0xfff1a654                hcreate_r

.text.hdestroy_r
                0xfff1a6f8       0x80
 .text.hdestroy_r
                0xfff1a6f8       0x80 lib/libgeneric.o
                0xfff1a6f8                hdestroy_r

.text.hsearch_r
                0xfff1a778      0x2a4
 .text.hsearch_r
                0xfff1a778      0x2a4 lib/libgeneric.o
                0xfff1a778                hsearch_r

.text.hdelete_r
                0xfff1aa1c       0x98
 .text.hdelete_r
                0xfff1aa1c       0x98 lib/libgeneric.o
                0xfff1aa1c                hdelete_r

.text.hexport_r
                0xfff1aab4      0x280
 .text.hexport_r
                0xfff1aab4      0x280 lib/libgeneric.o
                0xfff1aab4                hexport_r

.text.himport_r
                0xfff1ad34      0x254
 .text.himport_r
                0xfff1ad34      0x254 lib/libgeneric.o
                0xfff1ad34                himport_r

.text.ldiv      0xfff1af88       0x14
 .text.ldiv     0xfff1af88       0x14 lib/libgeneric.o
                0xfff1af88                ldiv

.text.lmb_add_region
                0xfff1af9c      0x268
 .text.lmb_add_region
                0xfff1af9c      0x268 lib/libgeneric.o

.text.lmb_init  0xfff1b204       0x2c
 .text.lmb_init
                0xfff1b204       0x2c lib/libgeneric.o
                0xfff1b204                lmb_init

.text.lmb_add   0xfff1b230        0x4
 .text.lmb_add  0xfff1b230        0x4 lib/libgeneric.o
                0xfff1b230                lmb_add

.text.lmb_reserve
                0xfff1b234        0x8
 .text.lmb_reserve
                0xfff1b234        0x8 lib/libgeneric.o
                0xfff1b234                lmb_reserve

.text.lmb_overlaps_region
                0xfff1b23c       0x54
 .text.lmb_overlaps_region
                0xfff1b23c       0x54 lib/libgeneric.o
                0xfff1b23c                lmb_overlaps_region

.text.__lmb_alloc_base
                0xfff1b290      0x108
 .text.__lmb_alloc_base
                0xfff1b290      0x108 lib/libgeneric.o
                0xfff1b290                __lmb_alloc_base

.text.lmb_alloc_base
                0xfff1b398       0x50
 .text.lmb_alloc_base
                0xfff1b398       0x50 lib/libgeneric.o
                0xfff1b398                lmb_alloc_base

.text.lmb_alloc
                0xfff1b3e8        0x8
 .text.lmb_alloc
                0xfff1b3e8        0x8 lib/libgeneric.o
                0xfff1b3e8                lmb_alloc

.text.__board_lmb_reserve
                0xfff1b3f0        0x4
 .text.__board_lmb_reserve
                0xfff1b3f0        0x4 lib/libgeneric.o
                0xfff1b3f0                board_lmb_reserve
                0xfff1b3f0                __board_lmb_reserve

.text.string_to_ip
                0xfff1b3f4       0x8c
 .text.string_to_ip
                0xfff1b3f4       0x8c lib/libgeneric.o
                0xfff1b3f4                string_to_ip

.text.qsort     0xfff1b480       0xd4
 .text.qsort    0xfff1b480       0xd4 lib/libgeneric.o
                0xfff1b480                qsort

.text.strncmp   0xfff1b554       0x4c
 .text.strncmp  0xfff1b554       0x4c lib/libgeneric.o
                0xfff1b554                strncmp

.text.strchr    0xfff1b5a0       0x28
 .text.strchr   0xfff1b5a0       0x28 lib/libgeneric.o
                0xfff1b5a0                strchr

.text.strnlen   0xfff1b5c8       0x2c
 .text.strnlen  0xfff1b5c8       0x2c lib/libgeneric.o
                0xfff1b5c8                strnlen

.text.strdup    0xfff1b5f4       0x48
 .text.strdup   0xfff1b5f4       0x48 lib/libgeneric.o
                0xfff1b5f4                strdup

.text.strstr    0xfff1b63c       0x74
 .text.strstr   0xfff1b63c       0x74 lib/libgeneric.o
                0xfff1b63c                strstr

.text.strmhz    0xfff1b6b0       0x70
 .text.strmhz   0xfff1b6b0       0x70 lib/libgeneric.o
                0xfff1b6b0                strmhz

.text.udelay    0xfff1b720       0x44
 .text.udelay   0xfff1b720       0x44 lib/libgeneric.o
                0xfff1b720                udelay

.text.put_dec_trunc
                0xfff1b764       0xf0
 .text.put_dec_trunc
                0xfff1b764       0xf0 lib/libgeneric.o

.text.put_dec   0xfff1b854      0x130
 .text.put_dec  0xfff1b854      0x130 lib/libgeneric.o

.text.string.isra.0
                0xfff1b984      0x194
 .text.string.isra.0
                0xfff1b984      0x194 lib/libgeneric.o

.text.number.isra.0
                0xfff1bb18      0x358
 .text.number.isra.0
                0xfff1bb18      0x358 lib/libgeneric.o

.text.simple_strtoul
                0xfff1be70       0xec
 .text.simple_strtoul
                0xfff1be70       0xec lib/libgeneric.o
                0xfff1be70                simple_strtoul

.text.strict_strtoul
                0xfff1bf5c       0x88
 .text.strict_strtoul
                0xfff1bf5c       0x88 lib/libgeneric.o
                0xfff1bf5c                strict_strtoul

.text.simple_strtol
                0xfff1bfe4       0x38
 .text.simple_strtol
                0xfff1bfe4       0x38 lib/libgeneric.o
                0xfff1bfe4                simple_strtol

.text.simple_strtoull
                0xfff1c01c      0x110
 .text.simple_strtoull
                0xfff1c01c      0x110 lib/libgeneric.o
                0xfff1c01c                simple_strtoull

.text.vsprintf  0xfff1c12c      0x938
 .text.vsprintf
                0xfff1c12c      0x938 lib/libgeneric.o
                0xfff1c12c                vsprintf

.text.sprintf   0xfff1ca64       0x80
 .text.sprintf  0xfff1ca64       0x80 lib/libgeneric.o
                0xfff1ca64                sprintf

.text.panic     0xfff1cae4       0xa0
 .text.panic    0xfff1cae4       0xa0 lib/libgeneric.o
                0xfff1cae4                panic

.text.zcalloc   0xfff1cb84        0x8
 .text.zcalloc  0xfff1cb84        0x8 lib/zlib/libz.o
                0xfff1cb84                zcalloc

.text.zcfree    0xfff1cb8c        0x8
 .text.zcfree   0xfff1cb8c        0x8 lib/zlib/libz.o
                0xfff1cb8c                zcfree

.text.inflate_fast
                0xfff1cb94      0x50c
 .text.inflate_fast
                0xfff1cb94      0x50c lib/zlib/libz.o
                0xfff1cb94                inflate_fast

.text.inflate_table
                0xfff1d0a0      0x490
 .text.inflate_table
                0xfff1d0a0      0x490 lib/zlib/libz.o
                0xfff1d0a0                inflate_table

.text.inflateReset
                0xfff1d530       0x80
 .text.inflateReset
                0xfff1d530       0x80 lib/zlib/libz.o
                0xfff1d530                inflateReset

.text.inflateInit2_
                0xfff1d5b0      0x13c
 .text.inflateInit2_
                0xfff1d5b0      0x13c lib/zlib/libz.o
                0xfff1d5b0                inflateInit2_

.text.inflateEnd
                0xfff1d6ec       0x84
 .text.inflateEnd
                0xfff1d6ec       0x84 lib/zlib/libz.o
                0xfff1d6ec                inflateEnd

.text.adler32   0xfff1d770      0x314
 .text.adler32  0xfff1d770      0x314 lib/zlib/libz.o
                0xfff1d770                adler32

.text.inflate   0xfff1da84     0x1664